// Jest Snapshot v1, https://goo.gl/fbAQLP

exports[`renders correctly 1`] = `
<section
  className="home-section quote"
  id="quote"
>
  " Mathematics is not about numbers,equations,computations,or algorithms: it is about understanding." -William Paul Thurston
</section>
`;
